<?xml version="1.0" encoding="utf-8"?>
<aj-snapshot>
<alsa>
  <client name="System">
    <port id="0" />
    <port id="1" />
  </client>
  <client name="Midi Through">
    <port id="0" />
  </client>
  <client name="Cre8audioNiftyCASE">
    <port id="0" />
  </client>
  <client name="Cre8audioNiftyCASE">
    <port id="0" />
  </client>
  <client name="USB MIDI Dark Energy">
    <port id="0" />
  </client>
  <client name="Client-128" />
  <client name="SuperCollider">
    <port id="3">
      <connection client="USB MIDI Dark Energy" port="0" />
    </port>
    <port id="4">
      <connection client="Cre8audioNiftyCASE" port="0" />
    </port>
    <port id="5">
      <connection client="Cre8audioNiftyCASE" port="0" />
    </port>
  </client>
  <client name="PipeWire-System" />
  <client name="PipeWire-RT-Event" />
</alsa>
<jack>
  <client name="system">
    <port name="capture_1">
      <connection port="2CUBES:in_1" />
    </port>
    <port name="capture_2">
      <connection port="2CUBES:in_2" />
    </port>
    <port name="capture_3">
      <connection port="2CUBES:in_3" />
    </port>
    <port name="capture_4">
      <connection port="2CUBES:in_4" />
    </port>
    <port name="capture_5">
      <connection port="2CUBES:in_5" />
    </port>
    <port name="capture_6">
      <connection port="2CUBES:in_6" />
    </port>
    <port name="capture_7">
      <connection port="2CUBES:in_7" />
    </port>
    <port name="capture_8">
      <connection port="2CUBES:in_8" />
    </port>
    <port name="capture_9" />
    <port name="capture_10" />
    <port name="capture_11" />
    <port name="capture_12" />
    <port name="capture_13" />
    <port name="capture_14" />
    <port name="capture_15" />
    <port name="capture_16" />
    <port name="capture_17" />
    <port name="capture_18" />
    <port name="capture_19" />
    <port name="capture_20" />
    <port name="capture_21" />
    <port name="capture_22" />
    <port name="capture_23" />
    <port name="capture_24" />
  </client>
  <client name="2CUBES">
    <port name="out_1">
      <connection port="AllRADecoder:in_1" />
    </port>
    <port name="out_2">
      <connection port="AllRADecoder:in_2" />
    </port>
    <port name="out_3">
      <connection port="AllRADecoder:in_3" />
    </port>
    <port name="out_4">
      <connection port="AllRADecoder:in_4" />
    </port>
    <port name="out_5">
      <connection port="AllRADecoder:in_5" />
    </port>
    <port name="out_6">
      <connection port="AllRADecoder:in_6" />
    </port>
    <port name="out_7">
      <connection port="AllRADecoder:in_7" />
    </port>
    <port name="out_8">
      <connection port="AllRADecoder:in_8" />
    </port>
    <port name="out_9">
      <connection port="AllRADecoder:in_9" />
    </port>
    <port name="out_10">
      <connection port="AllRADecoder:in_10" />
    </port>
    <port name="out_11">
      <connection port="AllRADecoder:in_11" />
    </port>
    <port name="out_12">
      <connection port="AllRADecoder:in_12" />
    </port>
    <port name="out_13">
      <connection port="AllRADecoder:in_13" />
    </port>
    <port name="out_14">
      <connection port="AllRADecoder:in_14" />
    </port>
    <port name="out_15">
      <connection port="AllRADecoder:in_15" />
    </port>
    <port name="out_16">
      <connection port="AllRADecoder:in_16" />
    </port>
    <port name="out_17">
      <connection port="AllRADecoder:in_17" />
    </port>
    <port name="out_18">
      <connection port="AllRADecoder:in_18" />
    </port>
    <port name="out_19">
      <connection port="AllRADecoder:in_19" />
    </port>
    <port name="out_20">
      <connection port="AllRADecoder:in_20" />
    </port>
    <port name="out_21">
      <connection port="AllRADecoder:in_21" />
    </port>
    <port name="out_22">
      <connection port="AllRADecoder:in_22" />
    </port>
    <port name="out_23">
      <connection port="AllRADecoder:in_23" />
    </port>
    <port name="out_24">
      <connection port="AllRADecoder:in_24" />
    </port>
    <port name="out_25">
      <connection port="AllRADecoder:in_25" />
    </port>
    <port name="out_26">
      <connection port="AllRADecoder:in_26" />
    </port>
    <port name="out_27">
      <connection port="AllRADecoder:in_27" />
    </port>
    <port name="out_28">
      <connection port="AllRADecoder:in_28" />
    </port>
    <port name="out_29">
      <connection port="AllRADecoder:in_29" />
    </port>
    <port name="out_30">
      <connection port="AllRADecoder:in_30" />
    </port>
    <port name="out_31">
      <connection port="AllRADecoder:in_31" />
    </port>
    <port name="out_32">
      <connection port="AllRADecoder:in_32" />
    </port>
    <port name="out_33">
      <connection port="AllRADecoder:in_33" />
    </port>
    <port name="out_34">
      <connection port="AllRADecoder:in_34" />
    </port>
    <port name="out_35">
      <connection port="AllRADecoder:in_35" />
    </port>
    <port name="out_36">
      <connection port="AllRADecoder:in_36" />
    </port>
  </client>
  <client name="AllRADecoder">
    <port name="out_1">
      <connection port="system:playback_1" />
    </port>
    <port name="out_2">
      <connection port="system:playback_2" />
    </port>
    <port name="out_3">
      <connection port="system:playback_3" />
    </port>
    <port name="out_4">
      <connection port="system:playback_4" />
    </port>
    <port name="out_5">
      <connection port="system:playback_5" />
    </port>
    <port name="out_6">
      <connection port="system:playback_6" />
    </port>
    <port name="out_7">
      <connection port="system:playback_7" />
    </port>
    <port name="out_8">
      <connection port="system:playback_8" />
    </port>
    <port name="out_9" />
    <port name="out_10" />
    <port name="out_11" />
    <port name="out_12" />
    <port name="out_13" />
    <port name="out_14" />
    <port name="out_15" />
    <port name="out_16" />
    <port name="out_17" />
    <port name="out_18" />
    <port name="out_19" />
    <port name="out_20" />
    <port name="out_21" />
    <port name="out_22" />
    <port name="out_23" />
    <port name="out_24" />
    <port name="out_25" />
    <port name="out_26" />
    <port name="out_27" />
    <port name="out_28" />
    <port name="out_29" />
    <port name="out_30" />
    <port name="out_31" />
    <port name="out_32" />
    <port name="out_33" />
    <port name="out_34" />
    <port name="out_35" />
    <port name="out_36" />
    <port name="out_37" />
    <port name="out_38" />
    <port name="out_39" />
    <port name="out_40" />
    <port name="out_41" />
    <port name="out_42" />
    <port name="out_43" />
    <port name="out_44" />
    <port name="out_45" />
    <port name="out_46" />
    <port name="out_47" />
    <port name="out_48" />
    <port name="out_49" />
    <port name="out_50" />
    <port name="out_51" />
    <port name="out_52" />
    <port name="out_53" />
    <port name="out_54" />
    <port name="out_55" />
    <port name="out_56" />
    <port name="out_57" />
    <port name="out_58" />
    <port name="out_59" />
    <port name="out_60" />
    <port name="out_61" />
    <port name="out_62" />
    <port name="out_63" />
    <port name="out_64" />
  </client>
</jack>
</aj-snapshot>
